2026-07-27 15:57:43,200 ERROR Failed to create SQL foreign key relationship
Traceback (most recent call last):
  File "C:\Users\gambi\PhpstormProjects\test\app.py", line 1580, in render_relationships
    create_sql_foreign_key_relationship(
    ~~~~~~~~~~~~~~~~~~~~~~~~~~~~~~~~~~~^
        con,
        ^^^^
    ...<4 lines>...
        relationship_type,
        ^^^^^^^^^^^^^^^^^^
    )
    ^
  File "C:\Users\gambi\PhpstormProjects\test\app.py", line 851, in create_sql_foreign_key_relationship
    raise ValueError(t("relationship_exists"))
ValueError: This relationship already exists.
2026-07-28 17:27:07,198 ERROR Exception in callback _ProactorBasePipeTransport._call_connection_lost()
handle: <Handle _ProactorBasePipeTransport._call_connection_lost()>
Traceback (most recent call last):
  File "C:\Users\gambi\AppData\Local\Python\pythoncore-3.14-64\Lib\asyncio\events.py", line 94, in _run
    self._context.run(self._callback, *self._args)
    ~~~~~~~~~~~~~~~~~^^^^^^^^^^^^^^^^^^^^^^^^^^^^^
  File "C:\Users\gambi\AppData\Local\Python\pythoncore-3.14-64\Lib\asyncio\proactor_events.py", line 165, in _call_connection_lost
    self._sock.shutdown(socket.SHUT_RDWR)
    ~~~~~~~~~~~~~~~~~~~^^^^^^^^^^^^^^^^^^
ConnectionResetError: [WinError 10054] An existing connection was forcibly closed by the remote host
2026-07-29 15:31:13,780 ERROR Failed to delete table: donors
Traceback (most recent call last):
  File "C:\Users\gambi\PhpstormProjects\test\app.py", line 2225, in render_table_actions
    con.execute(f"DROP TABLE {quote_identifier(selected_table)}")
    ~~~~~~~~~~~^^^^^^^^^^^^^^^^^^^^^^^^^^^^^^^^^^^^^^^^^^^^^^^^^^
_duckdb.CatalogException: Catalog Error: Could not drop the table because this table is main key table of the table "contracts"
